// Jest Snapshot v1, https://goo.gl/fbAQLP

exports[`SolarPanelsTable Renders correctly with data 1`] = `
Array [
  <WithStyles(ForwardRef(Grid))
    item={true}
  >
    <Styled(WithStyles(ForwardRef(Card)))>
      <WithStyles(ForwardRef(CardContent))>
        <WithStyles(ForwardRef(Typography))
          component="h3"
          variant="h6"
        >
          1
        </WithStyles(ForwardRef(Typography))>
        <WithStyles(ForwardRef(Typography))
          color="textSecondary"
        >
          Voltage: 
          151.02
        </WithStyles(ForwardRef(Typography))>
        <WithStyles(ForwardRef(Typography))
          color="textSecondary"
        >
          Wattage: 
          409.74
        </WithStyles(ForwardRef(Typography))>
      </WithStyles(ForwardRef(CardContent))>
    </Styled(WithStyles(ForwardRef(Card)))>
  </WithStyles(ForwardRef(Grid))>,
  <WithStyles(ForwardRef(Grid))
    item={true}
  >
    <Styled(WithStyles(ForwardRef(Card)))>
      <WithStyles(ForwardRef(CardContent))>
        <WithStyles(ForwardRef(Typography))
          component="h3"
          variant="h6"
        >
          2
        </WithStyles(ForwardRef(Typography))>
        <WithStyles(ForwardRef(Typography))
          color="textSecondary"
        >
          Voltage: 
          154.67
        </WithStyles(ForwardRef(Typography))>
        <WithStyles(ForwardRef(Typography))
          color="textSecondary"
        >
          Wattage: 
          975.93
        </WithStyles(ForwardRef(Typography))>
      </WithStyles(ForwardRef(CardContent))>
    </Styled(WithStyles(ForwardRef(Card)))>
  </WithStyles(ForwardRef(Grid))>,
  <WithStyles(ForwardRef(Grid))
    item={true}
  >
    <Styled(WithStyles(ForwardRef(Card)))>
      <WithStyles(ForwardRef(CardContent))>
        <WithStyles(ForwardRef(Typography))
          component="h3"
          variant="h6"
        >
          3
        </WithStyles(ForwardRef(Typography))>
        <WithStyles(ForwardRef(Typography))
          color="textSecondary"
        >
          Voltage: 
          139.49
        </WithStyles(ForwardRef(Typography))>
        <WithStyles(ForwardRef(Typography))
          color="textSecondary"
        >
          Wattage: 
          351.00
        </WithStyles(ForwardRef(Typography))>
      </WithStyles(ForwardRef(CardContent))>
    </Styled(WithStyles(ForwardRef(Card)))>
  </WithStyles(ForwardRef(Grid))>,
  <WithStyles(ForwardRef(Grid))
    item={true}
  >
    <Styled(WithStyles(ForwardRef(Card)))>
      <WithStyles(ForwardRef(CardContent))>
        <WithStyles(ForwardRef(Typography))
          component="h3"
          variant="h6"
        >
          4
        </WithStyles(ForwardRef(Typography))>
        <WithStyles(ForwardRef(Typography))
          color="textSecondary"
        >
          Voltage: 
          118.52
        </WithStyles(ForwardRef(Typography))>
        <WithStyles(ForwardRef(Typography))
          color="textSecondary"
        >
          Wattage: 
          515.44
        </WithStyles(ForwardRef(Typography))>
      </WithStyles(ForwardRef(CardContent))>
    </Styled(WithStyles(ForwardRef(Card)))>
  </WithStyles(ForwardRef(Grid))>,
  <WithStyles(ForwardRef(Grid))
    item={true}
  >
    <Styled(WithStyles(ForwardRef(Card)))>
      <WithStyles(ForwardRef(CardContent))>
        <WithStyles(ForwardRef(Typography))
          component="h3"
          variant="h6"
        >
          5
        </WithStyles(ForwardRef(Typography))>
        <WithStyles(ForwardRef(Typography))
          color="textSecondary"
        >
          Voltage: 
          175.13
        </WithStyles(ForwardRef(Typography))>
        <WithStyles(ForwardRef(Typography))
          color="textSecondary"
        >
          Wattage: 
          48.84
        </WithStyles(ForwardRef(Typography))>
      </WithStyles(ForwardRef(CardContent))>
    </Styled(WithStyles(ForwardRef(Card)))>
  </WithStyles(ForwardRef(Grid))>,
  <WithStyles(ForwardRef(Grid))
    item={true}
  >
    <Styled(WithStyles(ForwardRef(Card)))>
      <WithStyles(ForwardRef(CardContent))>
        <WithStyles(ForwardRef(Typography))
          component="h3"
          variant="h6"
        >
          6
        </WithStyles(ForwardRef(Typography))>
        <WithStyles(ForwardRef(Typography))
          color="textSecondary"
        >
          Voltage: 
          160.22
        </WithStyles(ForwardRef(Typography))>
        <WithStyles(ForwardRef(Typography))
          color="textSecondary"
        >
          Wattage: 
          200.15
        </WithStyles(ForwardRef(Typography))>
      </WithStyles(ForwardRef(CardContent))>
    </Styled(WithStyles(ForwardRef(Card)))>
  </WithStyles(ForwardRef(Grid))>,
  <WithStyles(ForwardRef(Grid))
    item={true}
  >
    <Styled(WithStyles(ForwardRef(Card)))>
      <WithStyles(ForwardRef(CardContent))>
        <WithStyles(ForwardRef(Typography))
          component="h3"
          variant="h6"
        >
          7
        </WithStyles(ForwardRef(Typography))>
        <WithStyles(ForwardRef(Typography))
          color="textSecondary"
        >
          Voltage: 
          161.19
        </WithStyles(ForwardRef(Typography))>
        <WithStyles(ForwardRef(Typography))
          color="textSecondary"
        >
          Wattage: 
          32.58
        </WithStyles(ForwardRef(Typography))>
      </WithStyles(ForwardRef(CardContent))>
    </Styled(WithStyles(ForwardRef(Card)))>
  </WithStyles(ForwardRef(Grid))>,
  <WithStyles(ForwardRef(Grid))
    item={true}
  >
    <Styled(WithStyles(ForwardRef(Card)))>
      <WithStyles(ForwardRef(CardContent))>
        <WithStyles(ForwardRef(Typography))
          component="h3"
          variant="h6"
        >
          8
        </WithStyles(ForwardRef(Typography))>
        <WithStyles(ForwardRef(Typography))
          color="textSecondary"
        >
          Voltage: 
          164.88
        </WithStyles(ForwardRef(Typography))>
        <WithStyles(ForwardRef(Typography))
          color="textSecondary"
        >
          Wattage: 
          182.96
        </WithStyles(ForwardRef(Typography))>
      </WithStyles(ForwardRef(CardContent))>
    </Styled(WithStyles(ForwardRef(Card)))>
  </WithStyles(ForwardRef(Grid))>,
  <WithStyles(ForwardRef(Grid))
    item={true}
  >
    <Styled(WithStyles(ForwardRef(Card)))>
      <WithStyles(ForwardRef(CardContent))>
        <WithStyles(ForwardRef(Typography))
          component="h3"
          variant="h6"
        >
          9
        </WithStyles(ForwardRef(Typography))>
        <WithStyles(ForwardRef(Typography))
          color="textSecondary"
        >
          Voltage: 
          141.20
        </WithStyles(ForwardRef(Typography))>
        <WithStyles(ForwardRef(Typography))
          color="textSecondary"
        >
          Wattage: 
          259.74
        </WithStyles(ForwardRef(Typography))>
      </WithStyles(ForwardRef(CardContent))>
    </Styled(WithStyles(ForwardRef(Card)))>
  </WithStyles(ForwardRef(Grid))>,
  <WithStyles(ForwardRef(Grid))
    item={true}
  >
    <Styled(WithStyles(ForwardRef(Card)))>
      <WithStyles(ForwardRef(CardContent))>
        <WithStyles(ForwardRef(Typography))
          component="h3"
          variant="h6"
        >
          10
        </WithStyles(ForwardRef(Typography))>
        <WithStyles(ForwardRef(Typography))
          color="textSecondary"
        >
          Voltage: 
          120.45
        </WithStyles(ForwardRef(Typography))>
        <WithStyles(ForwardRef(Typography))
          color="textSecondary"
        >
          Wattage: 
          281.29
        </WithStyles(ForwardRef(Typography))>
      </WithStyles(ForwardRef(CardContent))>
    </Styled(WithStyles(ForwardRef(Card)))>
  </WithStyles(ForwardRef(Grid))>,
  <WithStyles(ForwardRef(Grid))
    item={true}
  >
    <Styled(WithStyles(ForwardRef(Card)))>
      <WithStyles(ForwardRef(CardContent))>
        <WithStyles(ForwardRef(Typography))
          component="h3"
          variant="h6"
        >
          11
        </WithStyles(ForwardRef(Typography))>
        <WithStyles(ForwardRef(Typography))
          color="textSecondary"
        >
          Voltage: 
          219.77
        </WithStyles(ForwardRef(Typography))>
        <WithStyles(ForwardRef(Typography))
          color="textSecondary"
        >
          Wattage: 
          809.40
        </WithStyles(ForwardRef(Typography))>
      </WithStyles(ForwardRef(CardContent))>
    </Styled(WithStyles(ForwardRef(Card)))>
  </WithStyles(ForwardRef(Grid))>,
  <WithStyles(ForwardRef(Grid))
    item={true}
  >
    <Styled(WithStyles(ForwardRef(Card)))>
      <WithStyles(ForwardRef(CardContent))>
        <WithStyles(ForwardRef(Typography))
          component="h3"
          variant="h6"
        >
          12
        </WithStyles(ForwardRef(Typography))>
        <WithStyles(ForwardRef(Typography))
          color="textSecondary"
        >
          Voltage: 
          136.18
        </WithStyles(ForwardRef(Typography))>
        <WithStyles(ForwardRef(Typography))
          color="textSecondary"
        >
          Wattage: 
          548.60
        </WithStyles(ForwardRef(Typography))>
      </WithStyles(ForwardRef(CardContent))>
    </Styled(WithStyles(ForwardRef(Card)))>
  </WithStyles(ForwardRef(Grid))>,
  <WithStyles(ForwardRef(Grid))
    item={true}
  >
    <Styled(WithStyles(ForwardRef(Card)))>
      <WithStyles(ForwardRef(CardContent))>
        <WithStyles(ForwardRef(Typography))
          component="h3"
          variant="h6"
        >
          13
        </WithStyles(ForwardRef(Typography))>
        <WithStyles(ForwardRef(Typography))
          color="textSecondary"
        >
          Voltage: 
          152.19
        </WithStyles(ForwardRef(Typography))>
        <WithStyles(ForwardRef(Typography))
          color="textSecondary"
        >
          Wattage: 
          87.97
        </WithStyles(ForwardRef(Typography))>
      </WithStyles(ForwardRef(CardContent))>
    </Styled(WithStyles(ForwardRef(Card)))>
  </WithStyles(ForwardRef(Grid))>,
  <WithStyles(ForwardRef(Grid))
    item={true}
  >
    <Styled(WithStyles(ForwardRef(Card)))>
      <WithStyles(ForwardRef(CardContent))>
        <WithStyles(ForwardRef(Typography))
          component="h3"
          variant="h6"
        >
          14
        </WithStyles(ForwardRef(Typography))>
        <WithStyles(ForwardRef(Typography))
          color="textSecondary"
        >
          Voltage: 
          197.64
        </WithStyles(ForwardRef(Typography))>
        <WithStyles(ForwardRef(Typography))
          color="textSecondary"
        >
          Wattage: 
          795.98
        </WithStyles(ForwardRef(Typography))>
      </WithStyles(ForwardRef(CardContent))>
    </Styled(WithStyles(ForwardRef(Card)))>
  </WithStyles(ForwardRef(Grid))>,
  <WithStyles(ForwardRef(Grid))
    item={true}
  >
    <Styled(WithStyles(ForwardRef(Card)))>
      <WithStyles(ForwardRef(CardContent))>
        <WithStyles(ForwardRef(Typography))
          component="h3"
          variant="h6"
        >
          15
        </WithStyles(ForwardRef(Typography))>
        <WithStyles(ForwardRef(Typography))
          color="textSecondary"
        >
          Voltage: 
          135.09
        </WithStyles(ForwardRef(Typography))>
        <WithStyles(ForwardRef(Typography))
          color="textSecondary"
        >
          Wattage: 
          309.82
        </WithStyles(ForwardRef(Typography))>
      </WithStyles(ForwardRef(CardContent))>
    </Styled(WithStyles(ForwardRef(Card)))>
  </WithStyles(ForwardRef(Grid))>,
  <WithStyles(ForwardRef(Grid))
    item={true}
  >
    <Styled(WithStyles(ForwardRef(Card)))>
      <WithStyles(ForwardRef(CardContent))>
        <WithStyles(ForwardRef(Typography))
          component="h3"
          variant="h6"
        >
          16
        </WithStyles(ForwardRef(Typography))>
        <WithStyles(ForwardRef(Typography))
          color="textSecondary"
        >
          Voltage: 
          195.45
        </WithStyles(ForwardRef(Typography))>
        <WithStyles(ForwardRef(Typography))
          color="textSecondary"
        >
          Wattage: 
          553.66
        </WithStyles(ForwardRef(Typography))>
      </WithStyles(ForwardRef(CardContent))>
    </Styled(WithStyles(ForwardRef(Card)))>
  </WithStyles(ForwardRef(Grid))>,
  <WithStyles(ForwardRef(Grid))
    item={true}
  >
    <Styled(WithStyles(ForwardRef(Card)))>
      <WithStyles(ForwardRef(CardContent))>
        <WithStyles(ForwardRef(Typography))
          component="h3"
          variant="h6"
        >
          17
        </WithStyles(ForwardRef(Typography))>
        <WithStyles(ForwardRef(Typography))
          color="textSecondary"
        >
          Voltage: 
          128.71
        </WithStyles(ForwardRef(Typography))>
        <WithStyles(ForwardRef(Typography))
          color="textSecondary"
        >
          Wattage: 
          192.84
        </WithStyles(ForwardRef(Typography))>
      </WithStyles(ForwardRef(CardContent))>
    </Styled(WithStyles(ForwardRef(Card)))>
  </WithStyles(ForwardRef(Grid))>,
  <WithStyles(ForwardRef(Grid))
    item={true}
  >
    <Styled(WithStyles(ForwardRef(Card)))>
      <WithStyles(ForwardRef(CardContent))>
        <WithStyles(ForwardRef(Typography))
          component="h3"
          variant="h6"
        >
          18
        </WithStyles(ForwardRef(Typography))>
        <WithStyles(ForwardRef(Typography))
          color="textSecondary"
        >
          Voltage: 
          142.06
        </WithStyles(ForwardRef(Typography))>
        <WithStyles(ForwardRef(Typography))
          color="textSecondary"
        >
          Wattage: 
          190.18
        </WithStyles(ForwardRef(Typography))>
      </WithStyles(ForwardRef(CardContent))>
    </Styled(WithStyles(ForwardRef(Card)))>
  </WithStyles(ForwardRef(Grid))>,
  <WithStyles(ForwardRef(Grid))
    item={true}
  >
    <Styled(WithStyles(ForwardRef(Card)))>
      <WithStyles(ForwardRef(CardContent))>
        <WithStyles(ForwardRef(Typography))
          component="h3"
          variant="h6"
        >
          19
        </WithStyles(ForwardRef(Typography))>
        <WithStyles(ForwardRef(Typography))
          color="textSecondary"
        >
          Voltage: 
          110.59
        </WithStyles(ForwardRef(Typography))>
        <WithStyles(ForwardRef(Typography))
          color="textSecondary"
        >
          Wattage: 
          174.79
        </WithStyles(ForwardRef(Typography))>
      </WithStyles(ForwardRef(CardContent))>
    </Styled(WithStyles(ForwardRef(Card)))>
  </WithStyles(ForwardRef(Grid))>,
  <WithStyles(ForwardRef(Grid))
    item={true}
  >
    <Styled(WithStyles(ForwardRef(Card)))>
      <WithStyles(ForwardRef(CardContent))>
        <WithStyles(ForwardRef(Typography))
          component="h3"
          variant="h6"
        >
          20
        </WithStyles(ForwardRef(Typography))>
        <WithStyles(ForwardRef(Typography))
          color="textSecondary"
        >
          Voltage: 
          171.75
        </WithStyles(ForwardRef(Typography))>
        <WithStyles(ForwardRef(Typography))
          color="textSecondary"
        >
          Wattage: 
          332.81
        </WithStyles(ForwardRef(Typography))>
      </WithStyles(ForwardRef(CardContent))>
    </Styled(WithStyles(ForwardRef(Card)))>
  </WithStyles(ForwardRef(Grid))>,
  <WithStyles(ForwardRef(Grid))
    item={true}
  >
    <Styled(WithStyles(ForwardRef(Card)))>
      <WithStyles(ForwardRef(CardContent))>
        <WithStyles(ForwardRef(Typography))
          component="h3"
          variant="h6"
        >
          21
        </WithStyles(ForwardRef(Typography))>
        <WithStyles(ForwardRef(Typography))
          color="textSecondary"
        >
          Voltage: 
          162.89
        </WithStyles(ForwardRef(Typography))>
        <WithStyles(ForwardRef(Typography))
          color="textSecondary"
        >
          Wattage: 
          538.00
        </WithStyles(ForwardRef(Typography))>
      </WithStyles(ForwardRef(CardContent))>
    </Styled(WithStyles(ForwardRef(Card)))>
  </WithStyles(ForwardRef(Grid))>,
  <WithStyles(ForwardRef(Grid))
    item={true}
  >
    <Styled(WithStyles(ForwardRef(Card)))>
      <WithStyles(ForwardRef(CardContent))>
        <WithStyles(ForwardRef(Typography))
          component="h3"
          variant="h6"
        >
          22
        </WithStyles(ForwardRef(Typography))>
        <WithStyles(ForwardRef(Typography))
          color="textSecondary"
        >
          Voltage: 
          116.66
        </WithStyles(ForwardRef(Typography))>
        <WithStyles(ForwardRef(Typography))
          color="textSecondary"
        >
          Wattage: 
          17.78
        </WithStyles(ForwardRef(Typography))>
      </WithStyles(ForwardRef(CardContent))>
    </Styled(WithStyles(ForwardRef(Card)))>
  </WithStyles(ForwardRef(Grid))>,
  <WithStyles(ForwardRef(Grid))
    item={true}
  >
    <Styled(WithStyles(ForwardRef(Card)))>
      <WithStyles(ForwardRef(CardContent))>
        <WithStyles(ForwardRef(Typography))
          component="h3"
          variant="h6"
        >
          23
        </WithStyles(ForwardRef(Typography))>
        <WithStyles(ForwardRef(Typography))
          color="textSecondary"
        >
          Voltage: 
          145.72
        </WithStyles(ForwardRef(Typography))>
        <WithStyles(ForwardRef(Typography))
          color="textSecondary"
        >
          Wattage: 
          435.38
        </WithStyles(ForwardRef(Typography))>
      </WithStyles(ForwardRef(CardContent))>
    </Styled(WithStyles(ForwardRef(Card)))>
  </WithStyles(ForwardRef(Grid))>,
  <WithStyles(ForwardRef(Grid))
    item={true}
  >
    <Styled(WithStyles(ForwardRef(Card)))>
      <WithStyles(ForwardRef(CardContent))>
        <WithStyles(ForwardRef(Typography))
          component="h3"
          variant="h6"
        >
          24
        </WithStyles(ForwardRef(Typography))>
        <WithStyles(ForwardRef(Typography))
          color="textSecondary"
        >
          Voltage: 
          111.14
        </WithStyles(ForwardRef(Typography))>
        <WithStyles(ForwardRef(Typography))
          color="textSecondary"
        >
          Wattage: 
          548.91
        </WithStyles(ForwardRef(Typography))>
      </WithStyles(ForwardRef(CardContent))>
    </Styled(WithStyles(ForwardRef(Card)))>
  </WithStyles(ForwardRef(Grid))>,
  <WithStyles(ForwardRef(Grid))
    item={true}
  >
    <Styled(WithStyles(ForwardRef(Card)))>
      <WithStyles(ForwardRef(CardContent))>
        <WithStyles(ForwardRef(Typography))
          component="h3"
          variant="h6"
        >
          25
        </WithStyles(ForwardRef(Typography))>
        <WithStyles(ForwardRef(Typography))
          color="textSecondary"
        >
          Voltage: 
          179.49
        </WithStyles(ForwardRef(Typography))>
        <WithStyles(ForwardRef(Typography))
          color="textSecondary"
        >
          Wattage: 
          183.56
        </WithStyles(ForwardRef(Typography))>
      </WithStyles(ForwardRef(CardContent))>
    </Styled(WithStyles(ForwardRef(Card)))>
  </WithStyles(ForwardRef(Grid))>,
  <WithStyles(ForwardRef(Grid))
    item={true}
  >
    <Styled(WithStyles(ForwardRef(Card)))>
      <WithStyles(ForwardRef(CardContent))>
        <WithStyles(ForwardRef(Typography))
          component="h3"
          variant="h6"
        >
          26
        </WithStyles(ForwardRef(Typography))>
        <WithStyles(ForwardRef(Typography))
          color="textSecondary"
        >
          Voltage: 
          201.57
        </WithStyles(ForwardRef(Typography))>
        <WithStyles(ForwardRef(Typography))
          color="textSecondary"
        >
          Wattage: 
          478.87
        </WithStyles(ForwardRef(Typography))>
      </WithStyles(ForwardRef(CardContent))>
    </Styled(WithStyles(ForwardRef(Card)))>
  </WithStyles(ForwardRef(Grid))>,
  <WithStyles(ForwardRef(Grid))
    item={true}
  >
    <Styled(WithStyles(ForwardRef(Card)))>
      <WithStyles(ForwardRef(CardContent))>
        <WithStyles(ForwardRef(Typography))
          component="h3"
          variant="h6"
        >
          27
        </WithStyles(ForwardRef(Typography))>
        <WithStyles(ForwardRef(Typography))
          color="textSecondary"
        >
          Voltage: 
          132.30
        </WithStyles(ForwardRef(Typography))>
        <WithStyles(ForwardRef(Typography))
          color="textSecondary"
        >
          Wattage: 
          897.46
        </WithStyles(ForwardRef(Typography))>
      </WithStyles(ForwardRef(CardContent))>
    </Styled(WithStyles(ForwardRef(Card)))>
  </WithStyles(ForwardRef(Grid))>,
  <WithStyles(ForwardRef(Grid))
    item={true}
  >
    <Styled(WithStyles(ForwardRef(Card)))>
      <WithStyles(ForwardRef(CardContent))>
        <WithStyles(ForwardRef(Typography))
          component="h3"
          variant="h6"
        >
          28
        </WithStyles(ForwardRef(Typography))>
        <WithStyles(ForwardRef(Typography))
          color="textSecondary"
        >
          Voltage: 
          144.02
        </WithStyles(ForwardRef(Typography))>
        <WithStyles(ForwardRef(Typography))
          color="textSecondary"
        >
          Wattage: 
          705.56
        </WithStyles(ForwardRef(Typography))>
      </WithStyles(ForwardRef(CardContent))>
    </Styled(WithStyles(ForwardRef(Card)))>
  </WithStyles(ForwardRef(Grid))>,
  <WithStyles(ForwardRef(Grid))
    item={true}
  >
    <Styled(WithStyles(ForwardRef(Card)))>
      <WithStyles(ForwardRef(CardContent))>
        <WithStyles(ForwardRef(Typography))
          component="h3"
          variant="h6"
        >
          29
        </WithStyles(ForwardRef(Typography))>
        <WithStyles(ForwardRef(Typography))
          color="textSecondary"
        >
          Voltage: 
          158.34
        </WithStyles(ForwardRef(Typography))>
        <WithStyles(ForwardRef(Typography))
          color="textSecondary"
        >
          Wattage: 
          781.40
        </WithStyles(ForwardRef(Typography))>
      </WithStyles(ForwardRef(CardContent))>
    </Styled(WithStyles(ForwardRef(Card)))>
  </WithStyles(ForwardRef(Grid))>,
  <WithStyles(ForwardRef(Grid))
    item={true}
  >
    <Styled(WithStyles(ForwardRef(Card)))>
      <WithStyles(ForwardRef(CardContent))>
        <WithStyles(ForwardRef(Typography))
          component="h3"
          variant="h6"
        >
          30
        </WithStyles(ForwardRef(Typography))>
        <WithStyles(ForwardRef(Typography))
          color="textSecondary"
        >
          Voltage: 
          150.68
        </WithStyles(ForwardRef(Typography))>
        <WithStyles(ForwardRef(Typography))
          color="textSecondary"
        >
          Wattage: 
          135.95
        </WithStyles(ForwardRef(Typography))>
      </WithStyles(ForwardRef(CardContent))>
    </Styled(WithStyles(ForwardRef(Card)))>
  </WithStyles(ForwardRef(Grid))>,
]
`;

exports[`SolarPanelsTable Renders correctly without data 1`] = `null`;
